// Jest Snapshot v1, https://goo.gl/fbAQLP

exports[`renders Correctly 1`] = `
<div
  className="mt-5 container"
>
  <div
    className="mt-5 d-flex justify-content-between"
  >
    <div
      className="items mt-3"
    >
      <div
        className="category-filter"
      >
        <select
          className="form-select"
          onChange={[Function]}
          value=""
        >
          <option
            value="test"
          >
            test
          </option>
          <option
            value="jest"
          >
            jest
          </option>
        </select>
      </div>
    </div>
    <div
      className="items mt-3"
    >
      <h3>
        
      </h3>
    </div>
    <div
      className="items mt-3"
    />
  </div>
  <div
    className="mt-4 row"
  />
</div>
`;
